Component: Arm Compiler for Embedded 6.24 Tool: armlink [5f371500]

==============================================================================

Section Cross References

    main.o(.text.SysTick_Handler) refers to main.o(.bss.msTicks) for msTicks
    main.o(.ARM.exidx.text.SysTick_Handler) refers to main.o(.text.SysTick_Handler) for [Anonymous Symbol]
    main.o(.ARM.exidx.text.TIMING_Init) refers to main.o(.text.TIMING_Init) for [Anonymous Symbol]
    main.o(.text.CPU_UART2_Send) refers to main.o(.bss.overhead) for overhead
    main.o(.ARM.exidx.text.CPU_UART2_Send) refers to main.o(.text.CPU_UART2_Send) for [Anonymous Symbol]
    main.o(.text.DMA_Init) refers to main.o(.bss.msg_buffer) for msg_buffer
    main.o(.ARM.exidx.text.DMA_Init) refers to main.o(.text.DMA_Init) for [Anonymous Symbol]
    main.o(.text.DMA_UART2_Send) refers to main.o(.bss.overhead) for overhead
    main.o(.ARM.exidx.text.DMA_UART2_Send) refers to main.o(.text.DMA_UART2_Send) for [Anonymous Symbol]
    main.o(.text.EXTI15_10_IRQHandler) refers to main.o(.bss.msTicks) for msTicks
    main.o(.text.EXTI15_10_IRQHandler) refers to main.o(.bss.EXTI15_10_IRQHandler.lastPress) for EXTI15_10_IRQHandler.lastPress
    main.o(.text.EXTI15_10_IRQHandler) refers to main.o(.bss.buttonFlag) for buttonFlag
    main.o(.text.EXTI15_10_IRQHandler) refers to main.o(.bss.useDMA) for useDMA
    main.o(.ARM.exidx.text.EXTI15_10_IRQHandler) refers to main.o(.text.EXTI15_10_IRQHandler) for [Anonymous Symbol]
    main.o(.text.Hardware_Init) refers to main.o(.text.__NVIC_EnableIRQ) for __NVIC_EnableIRQ
    main.o(.text.Hardware_Init) refers to main.o(.text.TIMING_Init) for TIMING_Init
    main.o(.text.Hardware_Init) refers to main.o(.text.DMA_Init) for DMA_Init
    main.o(.ARM.exidx.text.Hardware_Init) refers to main.o(.text.Hardware_Init) for [Anonymous Symbol]
    main.o(.ARM.exidx.text.__NVIC_EnableIRQ) refers to main.o(.text.__NVIC_EnableIRQ) for [Anonymous Symbol]
    main.o(.text.Report_Results) refers to main.o(.bss.overhead) for overhead
    main.o(.text.Report_Results) refers to main.o(.rodata.str1.1) for .L.str
    main.o(.text.Report_Results) refers to printfa.o(i.__0sprintf) for sprintf
    main.o(.ARM.exidx.text.Report_Results) refers to main.o(.text.Report_Results) for [Anonymous Symbol]
    main.o(.text.main) refers to system_stm32f4xx.o(.text.SystemCoreClockUpdate) for SystemCoreClockUpdate
    main.o(.text.main) refers to system_stm32f4xx.o(.data.SystemCoreClock) for SystemCoreClock
    main.o(.text.main) refers to main.o(.text.SysTick_Config) for SysTick_Config
    main.o(.text.main) refers to main.o(.text.Hardware_Init) for Hardware_Init
    main.o(.text.main) refers to main.o(.bss.buttonFlag) for buttonFlag
    main.o(.text.main) refers to main.o(.bss.useDMA) for useDMA
    main.o(.text.main) refers to main.o(.bss.msg_buffer) for msg_buffer
    main.o(.text.main) refers to main.o(.rodata.str1.1) for .L.str.1
    main.o(.text.main) refers to printfa.o(i.__0sprintf) for sprintf
    main.o(.text.main) refers to strlen.o(.text) for strlen
    main.o(.text.main) refers to main.o(.text.DMA_UART2_Send) for DMA_UART2_Send
    main.o(.text.main) refers to main.o(.text.Report_Results) for Report_Results
    main.o(.text.main) refers to main.o(.text.CPU_UART2_Send) for CPU_UART2_Send
    main.o(.ARM.exidx.text.main) refers to main.o(.text.main) for [Anonymous Symbol]
    main.o(.text.SysTick_Config) refers to main.o(.text.__NVIC_SetPriority) for __NVIC_SetPriority
    main.o(.ARM.exidx.text.SysTick_Config) refers to main.o(.text.SysTick_Config) for [Anonymous Symbol]
    main.o(.ARM.exidx.text.__NVIC_SetPriority) refers to main.o(.text.__NVIC_SetPriority) for [Anonymous Symbol]
    startup_stm32f411xe.o(RESET) refers to startup_stm32f411xe.o(STACK) for __initial_sp
    startup_stm32f411xe.o(RESET) refers to startup_stm32f411xe.o(.text) for Reset_Handler
    startup_stm32f411xe.o(RESET) refers to main.o(.text.SysTick_Handler) for SysTick_Handler
    startup_stm32f411xe.o(RESET) refers to main.o(.text.EXTI15_10_IRQHandler) for EXTI15_10_IRQHandler
    startup_stm32f411xe.o(.text) refers to system_stm32f4xx.o(.text.SystemInit) for SystemInit
    startup_stm32f411xe.o(.text) refers to entry.o(.ARM.Collect$$$$00000000) for __main
    system_stm32f4xx.o(.ARM.exidx.text.SystemInit) refers to system_stm32f4xx.o(.text.SystemInit) for [Anonymous Symbol]
    system_stm32f4xx.o(.text.SystemCoreClockUpdate) refers to system_stm32f4xx.o(.data.SystemCoreClock) for SystemCoreClock
    system_stm32f4xx.o(.text.SystemCoreClockUpdate) refers to system_stm32f4xx.o(.rodata.AHBPrescTable) for AHBPrescTable
    system_stm32f4xx.o(.ARM.exidx.text.SystemCoreClockUpdate) refers to system_stm32f4xx.o(.text.SystemCoreClockUpdate) for [Anonymous Symbol]
    entry.o(.ARM.Collect$$$$00000000) refers (Special) to entry10a.o(.ARM.Collect$$$$0000000D) for __rt_final_cpp
    entry.o(.ARM.Collect$$$$00000000) refers (Special) to entry11a.o(.ARM.Collect$$$$0000000F) for __rt_final_exit
    entry.o(.ARM.Collect$$$$00000000) refers (Special) to entry7b.o(.ARM.Collect$$$$00000008) for _main_clock
    entry.o(.ARM.Collect$$$$00000000) refers (Special) to entry8b.o(.ARM.Collect$$$$0000000A) for _main_cpp_init
    entry.o(.ARM.Collect$$$$00000000) refers (Special) to entry9a.o(.ARM.Collect$$$$0000000B) for _main_init
    entry.o(.ARM.Collect$$$$00000000) refers (Special) to entry5.o(.ARM.Collect$$$$00000004) for _main_scatterload
    entry.o(.ARM.Collect$$$$00000000) refers (Special) to entry2.o(.ARM.Collect$$$$00000001) for _main_stk
    printfa.o(i.__0fprintf) refers (Special) to iusefp.o(.text) for __I$use$fp
    printfa.o(i.__0fprintf) refers to printfa.o(i._printf_core) for _printf_core
    printfa.o(i.__0fprintf) refers to fputc.o(i.fputc) for fputc
    printfa.o(i.__0printf) refers (Special) to iusefp.o(.text) for __I$use$fp
    printfa.o(i.__0printf) refers to printfa.o(i._printf_core) for _printf_core
    printfa.o(i.__0printf) refers to fputc.o(i.fputc) for fputc
    printfa.o(i.__0printf) refers to stdout.o(.data) for __stdout
    printfa.o(i.__0snprintf) refers (Special) to iusefp.o(.text) for __I$use$fp
    printfa.o(i.__0snprintf) refers to printfa.o(i._printf_core) for _printf_core
    printfa.o(i.__0snprintf) refers to printfa.o(i._snputc) for _snputc
    printfa.o(i.__0sprintf) refers (Special) to iusefp.o(.text) for __I$use$fp
    printfa.o(i.__0sprintf) refers to printfa.o(i._printf_core) for _printf_core
    printfa.o(i.__0sprintf) refers to printfa.o(i._sputc) for _sputc
    printfa.o(i.__0vfprintf) refers (Special) to iusefp.o(.text) for __I$use$fp
    printfa.o(i.__0vfprintf) refers to printfa.o(i._printf_core) for _printf_core
    printfa.o(i.__0vfprintf) refers to fputc.o(i.fputc) for fputc
    printfa.o(i.__0vprintf) refers (Special) to iusefp.o(.text) for __I$use$fp
    printfa.o(i.__0vprintf) refers to printfa.o(i._printf_core) for _printf_core
    printfa.o(i.__0vprintf) refers to fputc.o(i.fputc) for fputc
    printfa.o(i.__0vprintf) refers to stdout.o(.data) for __stdout
    printfa.o(i.__0vsnprintf) refers (Special) to iusefp.o(.text) for __I$use$fp
    printfa.o(i.__0vsnprintf) refers to printfa.o(i._printf_core) for _printf_core
    printfa.o(i.__0vsnprintf) refers to printfa.o(i._snputc) for _snputc
    printfa.o(i.__0vsprintf) refers (Special) to iusefp.o(.text) for __I$use$fp
    printfa.o(i.__0vsprintf) refers to printfa.o(i._printf_core) for _printf_core
    printfa.o(i.__0vsprintf) refers to printfa.o(i._sputc) for _sputc
    printfa.o(i._fp_digits) refers (Special) to iusefp.o(.text) for __I$use$fp
    printfa.o(i._fp_digits) refers to dmul.o(.text) for __aeabi_dmul
    printfa.o(i._fp_digits) refers to ddiv.o(.text) for __aeabi_ddiv
    printfa.o(i._fp_digits) refers to cdrcmple.o(.text) for __aeabi_cdrcmple
    printfa.o(i._fp_digits) refers to dadd.o(.text) for __aeabi_dadd
    printfa.o(i._fp_digits) refers to dfixul.o(.text) for __aeabi_d2ulz
    printfa.o(i._fp_digits) refers to uldiv.o(.text) for __aeabi_uldivmod
    printfa.o(i._printf_core) refers (Special) to iusefp.o(.text) for __I$use$fp
    printfa.o(i._printf_core) refers to printfa.o(i._printf_pre_padding) for _printf_pre_padding
    printfa.o(i._printf_core) refers to uldiv.o(.text) for __aeabi_uldivmod
    printfa.o(i._printf_core) refers to printfa.o(i._printf_post_padding) for _printf_post_padding
    printfa.o(i._printf_core) refers to printfa.o(i._fp_digits) for _fp_digits
    printfa.o(i._printf_core) refers to uidiv.o(.text) for __aeabi_uidivmod
    printfa.o(i._printf_post_padding) refers (Special) to iusefp.o(.text) for __I$use$fp
    printfa.o(i._printf_pre_padding) refers (Special) to iusefp.o(.text) for __I$use$fp
    printfa.o(i._snputc) refers (Special) to iusefp.o(.text) for __I$use$fp
    printfa.o(i._sputc) refers (Special) to iusefp.o(.text) for __I$use$fp
    entry2.o(.ARM.Collect$$$$00000001) refers to entry2.o(.ARM.Collect$$$$00002712) for __lit__00000000
    entry2.o(.ARM.Collect$$$$00002712) refers to startup_stm32f411xe.o(STACK) for __initial_sp
    entry2.o(__vectab_stack_and_reset_area) refers to startup_stm32f411xe.o(STACK) for __initial_sp
    entry2.o(__vectab_stack_and_reset_area) refers to entry.o(.ARM.Collect$$$$00000000) for __main
    entry5.o(.ARM.Collect$$$$00000004) refers to init.o(.text) for __scatterload
    entry9a.o(.ARM.Collect$$$$0000000B) refers to main.o(.text.main) for main
    entry9b.o(.ARM.Collect$$$$0000000C) refers to main.o(.text.main) for main
    fputc.o(i.fputc) refers (Special) to iusesemip.o(.text) for __I$use$semihosting$fputc
    fputc.o(i.fputc) refers (Special) to semi.o(.text) for __semihosting_library_function
    fputc_h.o(i._fputc$hlt) refers (Special) to iusesemip.o(.text) for __I$use$semihosting$fputc
    fputc_h.o(i._fputc$hlt) refers (Special) to semi.o(.text) for __semihosting_library_function
    uldiv.o(.text) refers to llushr.o(.text) for __aeabi_llsr
    uldiv.o(.text) refers to llshl.o(.text) for __aeabi_llsl
    dadd.o(.text) refers (Special) to iusefp.o(.text) for __I$use$fp
    dadd.o(.text) refers to llshl.o(.text) for __aeabi_llsl
    dadd.o(.text) refers to llsshr.o(.text) for __aeabi_lasr
    dadd.o(.text) refers to depilogue.o(.text) for _double_epilogue
    dmul.o(.text) refers (Special) to iusefp.o(.text) for __I$use$fp
    dmul.o(.text) refers to depilogue.o(.text) for _double_epilogue
    ddiv.o(.text) refers (Special) to iusefp.o(.text) for __I$use$fp
    ddiv.o(.text) refers to depilogue.o(.text) for _double_round
    dfixul.o(.text) refers (Special) to iusefp.o(.text) for __I$use$fp
    dfixul.o(.text) refers to llushr.o(.text) for __aeabi_llsr
    dfixul.o(.text) refers to llshl.o(.text) for __aeabi_llsl
    cdrcmple.o(.text) refers (Special) to iusefp.o(.text) for __I$use$fp
    init.o(.text) refers to entry5.o(.ARM.Collect$$$$00000004) for __main_after_scatterload
    depilogue.o(.text) refers (Special) to iusefp.o(.text) for __I$use$fp
    depilogue.o(.text) refers to llshl.o(.text) for __aeabi_llsl
    depilogue.o(.text) refers to llushr.o(.text) for __aeabi_llsr


==============================================================================

Removing Unused input sections from the image.

    Removing main.o(.text), (0 bytes).
    Removing main.o(.ARM.exidx.text.SysTick_Handler), (8 bytes).
    Removing main.o(.ARM.exidx.text.TIMING_Init), (8 bytes).
    Removing main.o(.ARM.exidx.text.CPU_UART2_Send), (8 bytes).
    Removing main.o(.ARM.exidx.text.DMA_Init), (8 bytes).
    Removing main.o(.ARM.exidx.text.DMA_UART2_Send), (8 bytes).
    Removing main.o(.ARM.exidx.text.EXTI15_10_IRQHandler), (8 bytes).
    Removing main.o(.ARM.exidx.text.Hardware_Init), (8 bytes).
    Removing main.o(.ARM.exidx.text.__NVIC_EnableIRQ), (8 bytes).
    Removing main.o(.ARM.exidx.text.Report_Results), (8 bytes).
    Removing main.o(.ARM.exidx.text.main), (8 bytes).
    Removing main.o(.ARM.exidx.text.SysTick_Config), (8 bytes).
    Removing main.o(.ARM.exidx.text.__NVIC_SetPriority), (8 bytes).
    Removing main.o(.ARM.use_no_argv), (4 bytes).
    Removing startup_stm32f411xe.o(HEAP), (512 bytes).
    Removing system_stm32f4xx.o(.text), (0 bytes).
    Removing system_stm32f4xx.o(.ARM.exidx.text.SystemInit), (8 bytes).
    Removing system_stm32f4xx.o(.ARM.exidx.text.SystemCoreClockUpdate), (8 bytes).
    Removing system_stm32f4xx.o(.rodata.APBPrescTable), (8 bytes).

19 unused section(s) (total 636 bytes) removed from the image.

==============================================================================

Image Symbol Table

    Local Symbols

    Symbol Name                              Value     Ov Type        Size  Object(Section)

    ../clib/division.s                       0x00000000   Number         0  aeabi_sdiv.o ABSOLUTE
    ../clib/microlib/division.c              0x00000000   Number         0  uidiv.o ABSOLUTE
    ../clib/microlib/division.c              0x00000000   Number         0  uldiv.o ABSOLUTE
    ../clib/microlib/init/entry.s            0x00000000   Number         0  entry.o ABSOLUTE
    ../clib/microlib/init/entry.s            0x00000000   Number         0  entry2.o ABSOLUTE
    ../clib/microlib/init/entry.s            0x00000000   Number         0  entry5.o ABSOLUTE
    ../clib/microlib/init/entry.s            0x00000000   Number         0  entry7a.o ABSOLUTE
    ../clib/microlib/init/entry.s            0x00000000   Number         0  entry7b.o ABSOLUTE
    ../clib/microlib/init/entry.s            0x00000000   Number         0  entry8a.o ABSOLUTE
    ../clib/microlib/init/entry.s            0x00000000   Number         0  entry8b.o ABSOLUTE
    ../clib/microlib/init/entry.s            0x00000000   Number         0  entry9a.o ABSOLUTE
    ../clib/microlib/init/entry.s            0x00000000   Number         0  entry9b.o ABSOLUTE
    ../clib/microlib/init/entry.s            0x00000000   Number         0  entry10a.o ABSOLUTE
    ../clib/microlib/init/entry.s            0x00000000   Number         0  entry10b.o ABSOLUTE
    ../clib/microlib/init/entry.s            0x00000000   Number         0  entry11a.o ABSOLUTE
    ../clib/microlib/init/entry.s            0x00000000   Number         0  entry11b.o ABSOLUTE
    ../clib/microlib/longlong.c              0x00000000   Number         0  llshl.o ABSOLUTE
    ../clib/microlib/longlong.c              0x00000000   Number         0  llushr.o ABSOLUTE
    ../clib/microlib/longlong.c              0x00000000   Number         0  llsshr.o ABSOLUTE
    ../clib/microlib/printf/printf.c         0x00000000   Number         0  printfa.o ABSOLUTE
    ../clib/microlib/stdio/fputc.c           0x00000000   Number         0  fputc.o ABSOLUTE
    ../clib/microlib/stdio/fputc.c           0x00000000   Number         0  fputc_h.o ABSOLUTE
    ../clib/microlib/stdio/semi.s            0x00000000   Number         0  semi.o ABSOLUTE
    ../clib/microlib/stdio/streams.c         0x00000000   Number         0  stdout.o ABSOLUTE
    ../clib/microlib/string/strlen.c         0x00000000   Number         0  strlen.o ABSOLUTE
    ../clib/microlib/stubs.s                 0x00000000   Number         0  iusefp.o ABSOLUTE
    ../clib/microlib/stubs.s                 0x00000000   Number         0  iusesemip.o ABSOLUTE
    ../fplib/microlib/fpadd.c                0x00000000   Number         0  dadd.o ABSOLUTE
    ../fplib/microlib/fpdiv.c                0x00000000   Number         0  ddiv.o ABSOLUTE
    ../fplib/microlib/fpepilogue.c           0x00000000   Number         0  depilogue.o ABSOLUTE
    ../fplib/microlib/fpfix.c                0x00000000   Number         0  dfixul.o ABSOLUTE
    ../fplib/microlib/fpmul.c                0x00000000   Number         0  dmul.o ABSOLUTE
    RTE/Device/STM32F411RETx/startup_stm32f411xe.s 0x00000000   Number         0  startup_stm32f411xe.o ABSOLUTE
    cdrcmple.s                               0x00000000   Number         0  cdrcmple.o ABSOLUTE
    dc.s                                     0x00000000   Number         0  dc.o ABSOLUTE
    handlers.s                               0x00000000   Number         0  handlers.o ABSOLUTE
    init.s                                   0x00000000   Number         0  init.o ABSOLUTE
    main.c                                   0x00000000   Number         0  main.o ABSOLUTE
    system_stm32f4xx.c                       0x00000000   Number         0  system_stm32f4xx.o ABSOLUTE
    RESET                                    0x08000000   Section      408  startup_stm32f411xe.o(RESET)
    .ARM.Collect$$$$00000000                 0x08000198   Section        0  entry.o(.ARM.Collect$$$$00000000)
    .ARM.Collect$$$$00000001                 0x08000198   Section        4  entry2.o(.ARM.Collect$$$$00000001)
    .ARM.Collect$$$$00000004                 0x0800019c   Section        4  entry5.o(.ARM.Collect$$$$00000004)
    .ARM.Collect$$$$00000008                 0x080001a0   Section        0  entry7b.o(.ARM.Collect$$$$00000008)
    .ARM.Collect$$$$0000000A                 0x080001a0   Section        0  entry8b.o(.ARM.Collect$$$$0000000A)
    .ARM.Collect$$$$0000000B                 0x080001a0   Section        8  entry9a.o(.ARM.Collect$$$$0000000B)
    __lit__00000000                          0x080001a8   Data           4  entry2.o(.ARM.Collect$$$$00002712)
    .ARM.Collect$$$$0000000D                 0x080001a8   Section        0  entry10a.o(.ARM.Collect$$$$0000000D)
    .ARM.Collect$$$$0000000F                 0x080001a8   Section        0  entry11a.o(.ARM.Collect$$$$0000000F)
    .ARM.Collect$$$$00002712                 0x080001a8   Section        4  entry2.o(.ARM.Collect$$$$00002712)
    $v0                                      0x080001ac   Number         0  startup_stm32f411xe.o(.text)
    .text                                    0x080001ac   Section       36  startup_stm32f411xe.o(.text)
    .text                                    0x080001d0   Section        0  strlen.o(.text)
    .text                                    0x080001de   Section        0  uidiv.o(.text)
    .text                                    0x0800020a   Section        0  uldiv.o(.text)
    .text                                    0x0800026c   Section        0  iusefp.o(.text)
    .text                                    0x0800026c   Section        0  dadd.o(.text)
    .text                                    0x080003ba   Section        0  dmul.o(.text)
    .text                                    0x0800049e   Section        0  ddiv.o(.text)
    .text                                    0x0800057c   Section        0  dfixul.o(.text)
    .text                                    0x080005ac   Section       48  cdrcmple.o(.text)
    .text                                    0x080005dc   Section       48  init.o(.text)
    .text                                    0x0800060c   Section        0  llshl.o(.text)
    .text                                    0x0800062a   Section        0  llushr.o(.text)
    .text                                    0x0800064a   Section        0  llsshr.o(.text)
    .text                                    0x0800066e   Section        0  depilogue.o(.text)
    [Anonymous Symbol]                       0x08000728   Section        0  main.o(.text.CPU_UART2_Send)
    [Anonymous Symbol]                       0x08000788   Section        0  main.o(.text.DMA_Init)
    [Anonymous Symbol]                       0x080007f4   Section        0  main.o(.text.DMA_UART2_Send)
    [Anonymous Symbol]                       0x08000884   Section        0  main.o(.text.EXTI15_10_IRQHandler)
    [Anonymous Symbol]                       0x08000908   Section        0  main.o(.text.Hardware_Init)
    [Anonymous Symbol]                       0x080009dc   Section        0  main.o(.text.Report_Results)
    SysTick_Config                           0x08000a41   Thumb Code    82  main.o(.text.SysTick_Config)
    [Anonymous Symbol]                       0x08000a40   Section        0  main.o(.text.SysTick_Config)
    [Anonymous Symbol]                       0x08000a94   Section        0  main.o(.text.SysTick_Handler)
    [Anonymous Symbol]                       0x08000aa4   Section        0  system_stm32f4xx.o(.text.SystemCoreClockUpdate)
    [Anonymous Symbol]                       0x08000bd4   Section        0  system_stm32f4xx.o(.text.SystemInit)
    [Anonymous Symbol]                       0x08000be8   Section        0  main.o(.text.TIMING_Init)
    __NVIC_EnableIRQ                         0x08000c19   Thumb Code    48  main.o(.text.__NVIC_EnableIRQ)
    [Anonymous Symbol]                       0x08000c18   Section        0  main.o(.text.__NVIC_EnableIRQ)
    __NVIC_SetPriority                       0x08000c49   Thumb Code    66  main.o(.text.__NVIC_SetPriority)
    [Anonymous Symbol]                       0x08000c48   Section        0  main.o(.text.__NVIC_SetPriority)
    [Anonymous Symbol]                       0x08000c8c   Section        0  main.o(.text.main)
    i.__0sprintf                             0x08000d68   Section        0  printfa.o(i.__0sprintf)
    i.__scatterload_copy                     0x08000d90   Section       14  handlers.o(i.__scatterload_copy)
    i.__scatterload_null                     0x08000d9e   Section        2  handlers.o(i.__scatterload_null)
    i.__scatterload_zeroinit                 0x08000da0   Section       14  handlers.o(i.__scatterload_zeroinit)
    _fp_digits                               0x08000db1   Thumb Code   366  printfa.o(i._fp_digits)
    i._fp_digits                             0x08000db0   Section        0  printfa.o(i._fp_digits)
    _printf_core                             0x08000f35   Thumb Code  1744  printfa.o(i._printf_core)
    i._printf_core                           0x08000f34   Section        0  printfa.o(i._printf_core)
    _printf_post_padding                     0x08001611   Thumb Code    36  printfa.o(i._printf_post_padding)
    i._printf_post_padding                   0x08001610   Section        0  printfa.o(i._printf_post_padding)
    _printf_pre_padding                      0x08001635   Thumb Code    46  printfa.o(i._printf_pre_padding)
    i._printf_pre_padding                    0x08001634   Section        0  printfa.o(i._printf_pre_padding)
    _sputc                                   0x08001663   Thumb Code    10  printfa.o(i._sputc)
    i._sputc                                 0x08001662   Section        0  printfa.o(i._sputc)
    .L.str                                   0x0800167c   Data          33  main.o(.rodata.str1.1)
    [Anonymous Symbol]                       0x0800167c   Section        0  main.o(.rodata.str1.1)
    .L.str.3                                 0x0800169d   Data          28  main.o(.rodata.str1.1)
    .L.str.1                                 0x080016b9   Data          29  main.o(.rodata.str1.1)
    .L.str.2                                 0x080016d6   Data           4  main.o(.rodata.str1.1)
    .L.str.4                                 0x080016da   Data           4  main.o(.rodata.str1.1)
    EXTI15_10_IRQHandler.lastPress           0x20000008   Data           4  main.o(.bss.EXTI15_10_IRQHandler.lastPress)
    [Anonymous Symbol]                       0x20000008   Section        0  main.o(.bss.EXTI15_10_IRQHandler.lastPress)
    STACK                                    0x200000a0   Section     1024  startup_stm32f411xe.o(STACK)

    Global Symbols

    Symbol Name                              Value     Ov Type        Size  Object(Section)

    BuildAttributes$$THM_ISAv4$E$P$D$K$B$S$7EM$VFPi3$EXTD16$VFPS$VFMA$PE$A:L22UL41UL21$X:L11$S22US41US21$IEEE1$IW$~IW$USESV6$~STKCKD$USESV7$~SHL$OSPACE$ROPI$EBA8$MICROLIB$REQ8$PRES8$EABIv2 0x00000000   Number         0  anon$$obj.o ABSOLUTE
    __cpp_initialize__aeabi_                  - Undefined Weak Reference
    __cxa_finalize                            - Undefined Weak Reference
    __decompress                              - Undefined Weak Reference
    _clock_init                               - Undefined Weak Reference
    _microlib_exit                            - Undefined Weak Reference
    __Vectors_Size                           0x00000198   Number         0  startup_stm32f411xe.o ABSOLUTE
    __Vectors                                0x08000000   Data           4  startup_stm32f411xe.o(RESET)
    __Vectors_End                            0x08000198   Data           0  startup_stm32f411xe.o(RESET)
    __main                                   0x08000199   Thumb Code     0  entry.o(.ARM.Collect$$$$00000000)
    _main_stk                                0x08000199   Thumb Code     0  entry2.o(.ARM.Collect$$$$00000001)
    _main_scatterload                        0x0800019d   Thumb Code     0  entry5.o(.ARM.Collect$$$$00000004)
    __main_after_scatterload                 0x080001a1   Thumb Code     0  entry5.o(.ARM.Collect$$$$00000004)
    _main_clock                              0x080001a1   Thumb Code     0  entry7b.o(.ARM.Collect$$$$00000008)
    _main_cpp_init                           0x080001a1   Thumb Code     0  entry8b.o(.ARM.Collect$$$$0000000A)
    _main_init                               0x080001a1   Thumb Code     0  entry9a.o(.ARM.Collect$$$$0000000B)
    __rt_final_cpp                           0x080001a9   Thumb Code     0  entry10a.o(.ARM.Collect$$$$0000000D)
    __rt_final_exit                          0x080001a9   Thumb Code     0  entry11a.o(.ARM.Collect$$$$0000000F)
    Reset_Handler                            0x080001ad   Thumb Code     8  startup_stm32f411xe.o(.text)
    NMI_Handler                              0x080001b5   Thumb Code     2  startup_stm32f411xe.o(.text)
    HardFault_Handler                        0x080001b7   Thumb Code     2  startup_stm32f411xe.o(.text)
    MemManage_Handler                        0x080001b9   Thumb Code     2  startup_stm32f411xe.o(.text)
    BusFault_Handler                         0x080001bb   Thumb Code     2  startup_stm32f411xe.o(.text)
    UsageFault_Handler                       0x080001bd   Thumb Code     2  startup_stm32f411xe.o(.text)
    SVC_Handler                              0x080001bf   Thumb Code     2  startup_stm32f411xe.o(.text)
    DebugMon_Handler                         0x080001c1   Thumb Code     2  startup_stm32f411xe.o(.text)
    PendSV_Handler                           0x080001c3   Thumb Code     2  startup_stm32f411xe.o(.text)
    ADC_IRQHandler                           0x080001c7   Thumb Code     0  startup_stm32f411xe.o(.text)
    DMA1_Stream0_IRQHandler                  0x080001c7   Thumb Code     0  startup_stm32f411xe.o(.text)
    DMA1_Stream1_IRQHandler                  0x080001c7   Thumb Code     0  startup_stm32f411xe.o(.text)
    DMA1_Stream2_IRQHandler                  0x080001c7   Thumb Code     0  startup_stm32f411xe.o(.text)
    DMA1_Stream3_IRQHandler                  0x080001c7   Thumb Code     0  startup_stm32f411xe.o(.text)
    DMA1_Stream4_IRQHandler                  0x080001c7   Thumb Code     0  startup_stm32f411xe.o(.text)
    DMA1_Stream5_IRQHandler                  0x080001c7   Thumb Code     0  startup_stm32f411xe.o(.text)
    DMA1_Stream6_IRQHandler                  0x080001c7   Thumb Code     0  startup_stm32f411xe.o(.text)
    DMA1_Stream7_IRQHandler                  0x080001c7   Thumb Code     0  startup_stm32f411xe.o(.text)
    DMA2_Stream0_IRQHandler                  0x080001c7   Thumb Code     0  startup_stm32f411xe.o(.text)
    DMA2_Stream1_IRQHandler                  0x080001c7   Thumb Code     0  startup_stm32f411xe.o(.text)
    DMA2_Stream2_IRQHandler                  0x080001c7   Thumb Code     0  startup_stm32f411xe.o(.text)
    DMA2_Stream3_IRQHandler                  0x080001c7   Thumb Code     0  startup_stm32f411xe.o(.text)
    DMA2_Stream4_IRQHandler                  0x080001c7   Thumb Code     0  startup_stm32f411xe.o(.text)
    DMA2_Stream5_IRQHandler                  0x080001c7   Thumb Code     0  startup_stm32f411xe.o(.text)
    DMA2_Stream6_IRQHandler                  0x080001c7   Thumb Code     0  startup_stm32f411xe.o(.text)
    DMA2_Stream7_IRQHandler                  0x080001c7   Thumb Code     0  startup_stm32f411xe.o(.text)
    EXTI0_IRQHandler                         0x080001c7   Thumb Code     0  startup_stm32f411xe.o(.text)
    EXTI1_IRQHandler                         0x080001c7   Thumb Code     0  startup_stm32f411xe.o(.text)
    EXTI2_IRQHandler                         0x080001c7   Thumb Code     0  startup_stm32f411xe.o(.text)
    EXTI3_IRQHandler                         0x080001c7   Thumb Code     0  startup_stm32f411xe.o(.text)
    EXTI4_IRQHandler                         0x080001c7   Thumb Code     0  startup_stm32f411xe.o(.text)
    EXTI9_5_IRQHandler                       0x080001c7   Thumb Code     0  startup_stm32f411xe.o(.text)
    FLASH_IRQHandler                         0x080001c7   Thumb Code     0  startup_stm32f411xe.o(.text)
    FPU_IRQHandler                           0x080001c7   Thumb Code     0  startup_stm32f411xe.o(.text)
    I2C1_ER_IRQHandler                       0x080001c7   Thumb Code     0  startup_stm32f411xe.o(.text)
    I2C1_EV_IRQHandler                       0x080001c7   Thumb Code     0  startup_stm32f411xe.o(.text)
    I2C2_ER_IRQHandler                       0x080001c7   Thumb Code     0  startup_stm32f411xe.o(.text)
    I2C2_EV_IRQHandler                       0x080001c7   Thumb Code     0  startup_stm32f411xe.o(.text)
    I2C3_ER_IRQHandler                       0x080001c7   Thumb Code     0  startup_stm32f411xe.o(.text)
    I2C3_EV_IRQHandler                       0x080001c7   Thumb Code     0  startup_stm32f411xe.o(.text)
    OTG_FS_IRQHandler                        0x080001c7   Thumb Code     0  startup_stm32f411xe.o(.text)
    OTG_FS_WKUP_IRQHandler                   0x080001c7   Thumb Code     0  startup_stm32f411xe.o(.text)
    PVD_IRQHandler                           0x080001c7   Thumb Code     0  startup_stm32f411xe.o(.text)
    RCC_IRQHandler                           0x080001c7   Thumb Code     0  startup_stm32f411xe.o(.text)
    RTC_Alarm_IRQHandler                     0x080001c7   Thumb Code     0  startup_stm32f411xe.o(.text)
    RTC_WKUP_IRQHandler                      0x080001c7   Thumb Code     0  startup_stm32f411xe.o(.text)
    SDIO_IRQHandler                          0x080001c7   Thumb Code     0  startup_stm32f411xe.o(.text)
    SPI1_IRQHandler                          0x080001c7   Thumb Code     0  startup_stm32f411xe.o(.text)
    SPI2_IRQHandler                          0x080001c7   Thumb Code     0  startup_stm32f411xe.o(.text)
    SPI3_IRQHandler                          0x080001c7   Thumb Code     0  startup_stm32f411xe.o(.text)
    SPI4_IRQHandler                          0x080001c7   Thumb Code     0  startup_stm32f411xe.o(.text)
    SPI5_IRQHandler                          0x080001c7   Thumb Code     0  startup_stm32f411xe.o(.text)
    TAMP_STAMP_IRQHandler                    0x080001c7   Thumb Code     0  startup_stm32f411xe.o(.text)
    TIM1_BRK_TIM9_IRQHandler                 0x080001c7   Thumb Code     0  startup_stm32f411xe.o(.text)
    TIM1_CC_IRQHandler                       0x080001c7   Thumb Code     0  startup_stm32f411xe.o(.text)
    TIM1_TRG_COM_TIM11_IRQHandler            0x080001c7   Thumb Code     0  startup_stm32f411xe.o(.text)
    TIM1_UP_TIM10_IRQHandler                 0x080001c7   Thumb Code     0  startup_stm32f411xe.o(.text)
    TIM2_IRQHandler                          0x080001c7   Thumb Code     0  startup_stm32f411xe.o(.text)
    TIM3_IRQHandler                          0x080001c7   Thumb Code     0  startup_stm32f411xe.o(.text)
    TIM4_IRQHandler                          0x080001c7   Thumb Code     0  startup_stm32f411xe.o(.text)
    TIM5_IRQHandler                          0x080001c7   Thumb Code     0  startup_stm32f411xe.o(.text)
    USART1_IRQHandler                        0x080001c7   Thumb Code     0  startup_stm32f411xe.o(.text)
    USART2_IRQHandler                        0x080001c7   Thumb Code     0  startup_stm32f411xe.o(.text)
    USART6_IRQHandler                        0x080001c7   Thumb Code     0  startup_stm32f411xe.o(.text)
    WWDG_IRQHandler                          0x080001c7   Thumb Code     0  startup_stm32f411xe.o(.text)
    strlen                                   0x080001d1   Thumb Code    14  strlen.o(.text)
    __aeabi_uidiv                            0x080001df   Thumb Code     0  uidiv.o(.text)
    __aeabi_uidivmod                         0x080001df   Thumb Code    44  uidiv.o(.text)
    __aeabi_uldivmod                         0x0800020b   Thumb Code    98  uldiv.o(.text)
    __I$use$fp                               0x0800026d   Thumb Code     0  iusefp.o(.text)
    __aeabi_dadd                             0x0800026d   Thumb Code   322  dadd.o(.text)
    __aeabi_dsub                             0x080003af   Thumb Code     6  dadd.o(.text)
    __aeabi_drsub                            0x080003b5   Thumb Code     6  dadd.o(.text)
    __aeabi_dmul                             0x080003bb   Thumb Code   228  dmul.o(.text)
    __aeabi_ddiv                             0x0800049f   Thumb Code   222  ddiv.o(.text)
    __aeabi_d2ulz                            0x0800057d   Thumb Code    48  dfixul.o(.text)
    __aeabi_cdrcmple                         0x080005ad   Thumb Code    48  cdrcmple.o(.text)
    __scatterload                            0x080005dd   Thumb Code    38  init.o(.text)
    __scatterload_rt2                        0x080005dd   Thumb Code     0  init.o(.text)
    __aeabi_llsl                             0x0800060d   Thumb Code    30  llshl.o(.text)
    _ll_shift_l                              0x0800060d   Thumb Code     0  llshl.o(.text)
    __aeabi_llsr                             0x0800062b   Thumb Code    32  llushr.o(.text)
    _ll_ushift_r                             0x0800062b   Thumb Code     0  llushr.o(.text)
    __aeabi_lasr                             0x0800064b   Thumb Code    36  llsshr.o(.text)
    _ll_sshift_r                             0x0800064b   Thumb Code     0  llsshr.o(.text)
    _double_round                            0x0800066f   Thumb Code    30  depilogue.o(.text)
    _double_epilogue                         0x0800068d   Thumb Code   156  depilogue.o(.text)
    CPU_UART2_Send                           0x08000729   Thumb Code    96  main.o(.text.CPU_UART2_Send)
    DMA_Init                                 0x08000789   Thumb Code   108  main.o(.text.DMA_Init)
    DMA_UART2_Send                           0x080007f5   Thumb Code   144  main.o(.text.DMA_UART2_Send)
    EXTI15_10_IRQHandler                     0x08000885   Thumb Code   130  main.o(.text.EXTI15_10_IRQHandler)
    Hardware_Init                            0x08000909   Thumb Code   210  main.o(.text.Hardware_Init)
    Report_Results                           0x080009dd   Thumb Code   100  main.o(.text.Report_Results)
    SysTick_Handler                          0x08000a95   Thumb Code    16  main.o(.text.SysTick_Handler)
    SystemCoreClockUpdate                    0x08000aa5   Thumb Code   302  system_stm32f4xx.o(.text.SystemCoreClockUpdate)
    SystemInit                               0x08000bd5   Thumb Code    18  system_stm32f4xx.o(.text.SystemInit)
    TIMING_Init                              0x08000be9   Thumb Code    46  main.o(.text.TIMING_Init)
    main                                     0x08000c8d   Thumb Code   220  main.o(.text.main)
    __0sprintf                               0x08000d69   Thumb Code    34  printfa.o(i.__0sprintf)
    __1sprintf                               0x08000d69   Thumb Code     0  printfa.o(i.__0sprintf)
    __2sprintf                               0x08000d69   Thumb Code     0  printfa.o(i.__0sprintf)
    __c89sprintf                             0x08000d69   Thumb Code     0  printfa.o(i.__0sprintf)
    sprintf                                  0x08000d69   Thumb Code     0  printfa.o(i.__0sprintf)
    __scatterload_copy                       0x08000d91   Thumb Code    14  handlers.o(i.__scatterload_copy)
    __scatterload_null                       0x08000d9f   Thumb Code     2  handlers.o(i.__scatterload_null)
    __scatterload_zeroinit                   0x08000da1   Thumb Code    14  handlers.o(i.__scatterload_zeroinit)
    AHBPrescTable                            0x0800166c   Data          16  system_stm32f4xx.o(.rodata.AHBPrescTable)
    Region$$Table$$Base                      0x080016e0   Number         0  anon$$obj.o(Region$$Table)
    Region$$Table$$Limit                     0x08001700   Number         0  anon$$obj.o(Region$$Table)
    SystemCoreClock                          0x20000000   Data           4  system_stm32f4xx.o(.data.SystemCoreClock)
    buttonFlag                               0x2000000c   Data           1  main.o(.bss.buttonFlag)
    msTicks                                  0x20000010   Data           4  main.o(.bss.msTicks)
    msg_buffer                               0x20000014   Data         128  main.o(.bss.msg_buffer)
    overhead                                 0x20000094   Data           4  main.o(.bss.overhead)
    useDMA                                   0x20000098   Data           1  main.o(.bss.useDMA)
    __initial_sp                             0x200004a0   Data           0  startup_stm32f411xe.o(STACK)



==============================================================================

Memory Map of the image

  Image Entry point : 0x080001ad

  Load Region LR_1 (Base: 0x08000000, Size: 0x00001704, Max: 0xffffffff, ABSOLUTE)

    Execution Region ER_RO (Exec base: 0x08000000, Load base: 0x08000000, Size: 0x00001700, Max: 0xffffffff, ABSOLUTE)

    Exec Addr    Load Addr    Size         Type   Attr      Idx    E Section Name        Object

    0x08000000   0x08000000   0x00000198   Data   RO           42    RESET               startup_stm32f411xe.o
    0x08000198   0x08000198   0x00000000   Code   RO           63  * .ARM.Collect$$$$00000000  mc_w.l(entry.o)
    0x08000198   0x08000198   0x00000004   Code   RO           96    .ARM.Collect$$$$00000001  mc_w.l(entry2.o)
    0x0800019c   0x0800019c   0x00000004   Code   RO           99    .ARM.Collect$$$$00000004  mc_w.l(entry5.o)
    0x080001a0   0x080001a0   0x00000000   Code   RO          101    .ARM.Collect$$$$00000008  mc_w.l(entry7b.o)
    0x080001a0   0x080001a0   0x00000000   Code   RO          103    .ARM.Collect$$$$0000000A  mc_w.l(entry8b.o)
    0x080001a0   0x080001a0   0x00000008   Code   RO          104    .ARM.Collect$$$$0000000B  mc_w.l(entry9a.o)
    0x080001a8   0x080001a8   0x00000000   Code   RO          106    .ARM.Collect$$$$0000000D  mc_w.l(entry10a.o)
    0x080001a8   0x080001a8   0x00000000   Code   RO          108    .ARM.Collect$$$$0000000F  mc_w.l(entry11a.o)
    0x080001a8   0x080001a8   0x00000004   Code   RO           97    .ARM.Collect$$$$00002712  mc_w.l(entry2.o)
    0x080001ac   0x080001ac   0x00000024   Code   RO           43  * .text               startup_stm32f411xe.o
    0x080001d0   0x080001d0   0x0000000e   Code   RO           66    .text               mc_w.l(strlen.o)
    0x080001de   0x080001de   0x0000002c   Code   RO          124    .text               mc_w.l(uidiv.o)
    0x0800020a   0x0800020a   0x00000062   Code   RO          126    .text               mc_w.l(uldiv.o)
    0x0800026c   0x0800026c   0x00000000   Code   RO          128    .text               mc_w.l(iusefp.o)
    0x0800026c   0x0800026c   0x0000014e   Code   RO          129    .text               mf_w.l(dadd.o)
    0x080003ba   0x080003ba   0x000000e4   Code   RO          131    .text               mf_w.l(dmul.o)
    0x0800049e   0x0800049e   0x000000de   Code   RO          133    .text               mf_w.l(ddiv.o)
    0x0800057c   0x0800057c   0x00000030   Code   RO          135    .text               mf_w.l(dfixul.o)
    0x080005ac   0x080005ac   0x00000030   Code   RO          137    .text               mf_w.l(cdrcmple.o)
    0x080005dc   0x080005dc   0x00000030   Code   RO          139    .text               mc_w.l(init.o)
    0x0800060c   0x0800060c   0x0000001e   Code   RO          142    .text               mc_w.l(llshl.o)
    0x0800062a   0x0800062a   0x00000020   Code   RO          144    .text               mc_w.l(llushr.o)
    0x0800064a   0x0800064a   0x00000024   Code   RO          146    .text               mc_w.l(llsshr.o)
    0x0800066e   0x0800066e   0x000000ba   Code   RO          149    .text               mf_w.l(depilogue.o)
    0x08000728   0x08000728   0x00000060   Code   RO            6    .text.CPU_UART2_Send  main.o
    0x08000788   0x08000788   0x0000006c   Code   RO            8    .text.DMA_Init      main.o
    0x080007f4   0x080007f4   0x00000090   Code   RO           10    .text.DMA_UART2_Send  main.o
    0x08000884   0x08000884   0x00000082   Code   RO           12    .text.EXTI15_10_IRQHandler  main.o
    0x08000906   0x08000906   0x00000002   PAD
    0x08000908   0x08000908   0x000000d2   Code   RO           14    .text.Hardware_Init  main.o
    0x080009da   0x080009da   0x00000002   PAD
    0x080009dc   0x080009dc   0x00000064   Code   RO           18    .text.Report_Results  main.o
    0x08000a40   0x08000a40   0x00000052   Code   RO           22    .text.SysTick_Config  main.o
    0x08000a92   0x08000a92   0x00000002   PAD
    0x08000a94   0x08000a94   0x00000010   Code   RO            2    .text.SysTick_Handler  main.o
    0x08000aa4   0x08000aa4   0x0000012e   Code   RO           52    .text.SystemCoreClockUpdate  system_stm32f4xx.o
    0x08000bd2   0x08000bd2   0x00000002   PAD
    0x08000bd4   0x08000bd4   0x00000012   Code   RO           50    .text.SystemInit    system_stm32f4xx.o
    0x08000be6   0x08000be6   0x00000002   PAD
    0x08000be8   0x08000be8   0x0000002e   Code   RO            4    .text.TIMING_Init   main.o
    0x08000c16   0x08000c16   0x00000002   PAD
    0x08000c18   0x08000c18   0x00000030   Code   RO           16    .text.__NVIC_EnableIRQ  main.o
    0x08000c48   0x08000c48   0x00000042   Code   RO           24    .text.__NVIC_SetPriority  main.o
    0x08000c8a   0x08000c8a   0x00000002   PAD
    0x08000c8c   0x08000c8c   0x000000dc   Code   RO           20    .text.main          main.o
    0x08000d68   0x08000d68   0x00000028   Code   RO           71    i.__0sprintf        mc_w.l(printfa.o)
    0x08000d90   0x08000d90   0x0000000e   Code   RO          153    i.__scatterload_copy  mc_w.l(handlers.o)
    0x08000d9e   0x08000d9e   0x00000002   Code   RO          154    i.__scatterload_null  mc_w.l(handlers.o)
    0x08000da0   0x08000da0   0x0000000e   Code   RO          155    i.__scatterload_zeroinit  mc_w.l(handlers.o)
    0x08000dae   0x08000dae   0x00000002   PAD
    0x08000db0   0x08000db0   0x00000184   Code   RO           76    i._fp_digits        mc_w.l(printfa.o)
    0x08000f34   0x08000f34   0x000006dc   Code   RO           77    i._printf_core      mc_w.l(printfa.o)
    0x08001610   0x08001610   0x00000024   Code   RO           78    i._printf_post_padding  mc_w.l(printfa.o)
    0x08001634   0x08001634   0x0000002e   Code   RO           79    i._printf_pre_padding  mc_w.l(printfa.o)
    0x08001662   0x08001662   0x0000000a   Code   RO           81    i._sputc            mc_w.l(printfa.o)
    0x0800166c   0x0800166c   0x00000010   Data   RO           55    .rodata.AHBPrescTable  system_stm32f4xx.o
    0x0800167c   0x0800167c   0x00000062   Data   RO           32    .rodata.str1.1      main.o
    0x080016de   0x080016de   0x00000002   PAD
    0x080016e0   0x080016e0   0x00000020   Data   RO          152    Region$$Table       anon$$obj.o


    Execution Region ER_RW (Exec base: 0x20000000, Load base: 0x08001700, Size: 0x00000004, Max: 0xffffffff, ABSOLUTE)

    Exec Addr    Load Addr    Size         Type   Attr      Idx    E Section Name        Object

    0x20000000   0x08001700   0x00000004   Data   RW           54    .data.SystemCoreClock  system_stm32f4xx.o


    Execution Region ER_ZI (Exec base: 0x20000008, Load base: 0x08001704, Size: 0x00000498, Max: 0xffffffff, ABSOLUTE)

    Exec Addr    Load Addr    Size         Type   Attr      Idx    E Section Name        Object

    0x20000008        -       0x00000004   Zero   RW           31    .bss.EXTI15_10_IRQHandler.lastPress  main.o
    0x2000000c        -       0x00000001   Zero   RW           28    .bss.buttonFlag     main.o
    0x2000000d   0x08001704   0x00000003   PAD
    0x20000010        -       0x00000004   Zero   RW           26    .bss.msTicks        main.o
    0x20000014        -       0x00000080   Zero   RW           30    .bss.msg_buffer     main.o
    0x20000094        -       0x00000004   Zero   RW           27    .bss.overhead       main.o
    0x20000098        -       0x00000001   Zero   RW           29    .bss.useDMA         main.o
    0x20000099   0x08001704   0x00000007   PAD
    0x200000a0        -       0x00000400   Zero   RW           40    STACK               startup_stm32f411xe.o


==============================================================================

Image component sizes


      Code (inc. data)   RO Data    RW Data    ZI Data      Debug   Object Name

      1266          0         98          0        142       7733   main.o
        36          8        408          0       1024        876   startup_stm32f411xe.o
       320          0         16          4          0       2806   system_stm32f4xx.o

    ----------------------------------------------------------------------
      1636          8        556          4       1176      11415   Object Totals
         0          0         32          0          0          0   (incl. Generated)
        14          0          2          0         10          0   (incl. Padding)

    ----------------------------------------------------------------------

      Code (inc. data)   RO Data    RW Data    ZI Data      Debug   Library Member Name

         0          0          0          0          0          0   entry.o
         0          0          0          0          0          0   entry10a.o
         0          0          0          0          0          0   entry11a.o
         8          4          0          0          0          0   entry2.o
         4          0          0          0          0          0   entry5.o
         0          0          0          0          0          0   entry7b.o
         0          0          0          0          0          0   entry8b.o
         8          4          0          0          0          0   entry9a.o
        30          0          0          0          0          0   handlers.o
        48         10          0          0          0         68   init.o
         0          0          0          0          0          0   iusefp.o
        30          0          0          0          0         68   llshl.o
        36          0          0          0          0         68   llsshr.o
        32          0          0          0          0         68   llushr.o
      2276         86          0          0          0        520   printfa.o
        14          0          0          0          0         68   strlen.o
        44          0          0          0          0         80   uidiv.o
        98          0          0          0          0         92   uldiv.o
        48          0          0          0          0         68   cdrcmple.o
       334          0          0          0          0        148   dadd.o
       222          0          0          0          0        100   ddiv.o
       186          0          0          0          0        176   depilogue.o
        48          0          0          0          0         68   dfixul.o
       228          0          0          0          0         96   dmul.o

    ----------------------------------------------------------------------
      3696        104          0          0          0       1688   Library Totals
         2          0          0          0          0          0   (incl. Padding)

    ----------------------------------------------------------------------

      Code (inc. data)   RO Data    RW Data    ZI Data      Debug   Library Name

      2628        104          0          0          0       1032   mc_w.l
      1066          0          0          0          0        656   mf_w.l

    ----------------------------------------------------------------------
      3696        104          0          0          0       1688   Library Totals

    ----------------------------------------------------------------------

==============================================================================


      Code (inc. data)   RO Data    RW Data    ZI Data      Debug   

      5332        112        556          4       1176      12455   Grand Totals
      5332        112        556          4       1176      12455   ELF Image Totals
      5332        112        556          4          0          0   ROM Totals

==============================================================================

    Total RO  Size (Code + RO Data)                 5888 (   5.75kB)
    Total RW  Size (RW Data + ZI Data)              1180 (   1.15kB)
    Total ROM Size (Code + RO Data + RW Data)       5892 (   5.75kB)

==============================================================================

